1111111111111111111166666666666666666666666666666626363636363636363647647437462376427634
